// Jest Snapshot v1, https://goo.gl/fbAQLP

exports[`createForm creates a form for a video reply 1`] = `
FormData {
  "_boundary": "--------------------------555555555555555555555555",
  "_currentStream": null,
  "_insideLoop": false,
  "_overheadLength": 592,
  "_pendingNext": false,
  "_released": false,
  "_streams": Array [
    "----------------------------555555555555555555555555
Content-Disposition: form-data; name=\\"chat_id\\"

",
    "1",
    [Function],
    "----------------------------555555555555555555555555
Content-Disposition: form-data; name=\\"video\\"; filename=\\"hf352syjjka61.mp4\\"
Content-Type: video/mp4

",
    DelayedStream {
      "_bufferedEvents": Array [
        Arguments [
          "pause",
        ],
      ],
      "_events": Object {
        "error": [Function],
      },
      "_eventsCount": 1,
      "_maxDataSizeExceeded": false,
      "_released": false,
      "dataSize": 0,
      "maxDataSize": Infinity,
      "pauseStream": true,
    },
    [Function],
    "----------------------------555555555555555555555555
Content-Disposition: form-data; name=\\"width\\"

",
    "406",
    [Function],
    "----------------------------555555555555555555555555
Content-Disposition: form-data; name=\\"height\\"

",
    "720",
    [Function],
    "----------------------------555555555555555555555555
Content-Disposition: form-data; name=\\"reply_to_message_id\\"

",
    "2",
    [Function],
  ],
  "_valueLength": 3264572,
  "_valuesToMeasure": Array [],
  "dataSize": 0,
  "maxDataSize": 2097152,
  "pauseStreams": true,
  "readable": true,
  "writable": false,
}
`;
